[vlib.clausvb.de/docs/vlibTemplate_english/table_of_content.html]
[backblue.gif]
[fade.gif]
[index.html]
[vlib.clausvb.de/docs/vlibTemplate_english/standard.css]
[clausvb.de/bilder_logos/vlib_logo.gif]
[vlib.clausvb.de/docs/vlibTemplate_english/sec01_synopsis.html]
[vlib.clausvb.de/docs/vlibTemplate_english/sec02_description.html]
[vlib.clausvb.de/docs/vlibTemplate_english/sec03_motivation.html]
[vlib.clausvb.de/docs/vlibTemplate_english/sec04_introduction.html]
[vlib.clausvb.de/docs/vlibTemplate_english/tutorial_simple_example.html]
[vlib.clausvb.de/docs/vlibTemplate_english/tutorial_tmpl_if.html]
[vlib.clausvb.de/docs/vlibTemplate_english/tutorial_simple_loop.html]
[vlib.clausvb.de/docs/vlibTemplate_english/tutorial_modular_tmpl_include.html]
[vlib.clausvb.de/docs/vlibTemplate_english/sec05_tags.html]
[vlib.clausvb.de/docs/vlibTemplate_english/tag_tmpl_var.html]
[vlib.clausvb.de/docs/vlibTemplate_english/tag_tmpl_loop.html]
[vlib.clausvb.de/docs/vlibTemplate_english/tag_tmpl_include.html]
[vlib.clausvb.de/docs/vlibTemplate_english/tag_tmpl_phpinclude.html]
[vlib.clausvb.de/docs/vlibTemplate_english/tag_tmpl_if.html]
[vlib.clausvb.de/docs/vlibTemplate_english/tag_tmpl_else.html]
[vlib.clausvb.de/docs/vlibTemplate_english/tag_tmpl_unless.html]
[vlib.clausvb.de/docs/vlibTemplate_english/sec06_vlibtemplate.html]
[vlib.clausvb.de/docs/vlibTemplate_english/func_vlibtemplate.html]
[vlib.clausvb.de/docs/vlibTemplate_english/func_newtemplate.html]
[vlib.clausvb.de/docs/vlibTemplate_english/func_setvar.html]
[vlib.clausvb.de/docs/vlibTemplate_english/func_unsetvar.html]
[vlib.clausvb.de/docs/vlibTemplate_english/func_getvars.html]
[vlib.clausvb.de/docs/vlibTemplate_english/func_getvar.html]
[vlib.clausvb.de/docs/vlibTemplate_english/func_setcontextvars.html]
[vlib.clausvb.de/docs/vlibTemplate_english/func_setloop.html]
[vlib.clausvb.de/docs/vlibTemplate_english/func_setdbloop.html]
[vlib.clausvb.de/docs/vlibTemplate_english/func_newloop.html]
[vlib.clausvb.de/docs/vlibTemplate_english/func_addrow.html]
[vlib.clausvb.de/docs/vlibTemplate_english/func_addloop.html]
[vlib.clausvb.de/docs/vlibTemplate_english/func_getloop.html]
[vlib.clausvb.de/docs/vlibTemplate_english/func_unsetloop.html]
[vlib.clausvb.de/docs/vlibTemplate_english/func_reset.html]
[vlib.clausvb.de/docs/vlibTemplate_english/func_clearvars.html]
[vlib.clausvb.de/docs/vlibTemplate_english/func_clearloops.html]
[vlib.clausvb.de/docs/vlibTemplate_english/func_clearall.html]
[vlib.clausvb.de/docs/vlibTemplate_english/func_unknownsexist.html]
[vlib.clausvb.de/docs/vlibTemplate_english/func_unknowns.html]
[vlib.clausvb.de/docs/vlibTemplate_english/func_getunknowns.html]
[vlib.clausvb.de/docs/vlibTemplate_english/func_setunknowns.html]
[vlib.clausvb.de/docs/vlibTemplate_english/func_setpath.html]
[vlib.clausvb.de/docs/vlibTemplate_english/func_getparsetime.html]
[vlib.clausvb.de/docs/vlibTemplate_english/func_fastprint.html]
[vlib.clausvb.de/docs/vlibTemplate_english/func_pparse.html]
[vlib.clausvb.de/docs/vlibTemplate_english/func_pprint.html]
[vlib.clausvb.de/docs/vlibTemplate_english/func_grab.html]
[vlib.clausvb.de/docs/vlibTemplate_english/sec07_vlibtemplatedebug.html]
[vlib.clausvb.de/docs/vlibTemplate_english/sec08_vlibtemplatecache.html]
[vlib.clausvb.de/docs/vlibTemplate_english/func_clearcache.html]
[vlib.clausvb.de/docs/vlibTemplate_english/func_recache.html]
[vlib.clausvb.de/docs/vlibTemplate_english/func_setcachelifetime.html]
[vlib.clausvb.de/docs/vlibTemplate_english/func_setcacheextension.html]
[vlib.clausvb.de/docs/vlibTemplate_english/sec09_options.html]
[vlib.clausvb.de/docs/vlibTemplate_english/sec10_security.html]
[vlib.clausvb.de/docs/vlibTemplate_english/sec11_bugs.html]
[vlib.clausvb.de/docs/vlibTemplate_english/sec12_credits.html]
[vlib.clausvb.de/docs/vlibTemplate_english/sec13_download.html]
[vlib.clausvb.de/docs/vlibTemplate_english/sec14_license.html]
[vlib.clausvb.de/docs/vlibTemplate_english/sec15_docs_in_other_langs.html]
[vlib.clausvb.de/docs/vlibTemplate_english/table_of_content.html]
[vlib.clausvb.de/docs/vlibTemplate_english/standard.css]
[vlib.clausvb.de/docs/vlibTemplate_english/vlib_logo.gif]
[vlib.clausvb.de/docs/vlibTemplate_english/template_pic1.gif]
[vlib.clausvb.de/docs/vlibTemplate_english/template_pic2.gif]
[vlib.clausvb.de/docs/vlibTemplate_english/template_pic3.gif]
[vlib.clausvb.de/docs/vlibTemplate_english/sec01_synopsis.html]
[vlib.clausvb.de/docs/vlibTemplate_english/sec02_description.html]
[vlib.clausvb.de/docs/vlibTemplate_english/sec03_motivation.html]
[vlib.clausvb.de/docs/vlibTemplate_english/sec04_introduction.html]
[vlib.clausvb.de/docs/vlibTemplate_english/tutorial_simple_example.html]
[vlib.clausvb.de/docs/vlibTemplate_english/tutorial_tmpl_if.html]
[vlib.clausvb.de/docs/vlibTemplate_english/tutorial_simple_loop.html]
[vlib.clausvb.de/docs/vlibTemplate_english/tutorial_modular_tmpl_include.html]
[vlib.clausvb.de/docs/vlibTemplate_english/sec05_tags.html]
[vlib.clausvb.de/docs/vlibTemplate_english/tag_tmpl_var.html]
[vlib.clausvb.de/docs/vlibTemplate_english/tag_tmpl_loop.html]
[vlib.clausvb.de/docs/vlibTemplate_english/tag_tmpl_include.html]
[vlib.clausvb.de/docs/vlibTemplate_english/tag_tmpl_phpinclude.html]
[vlib.clausvb.de/docs/vlibTemplate_english/tag_tmpl_if.html]
[vlib.clausvb.de/docs/vlibTemplate_english/tag_tmpl_else.html]
[vlib.clausvb.de/docs/vlibTemplate_english/tag_tmpl_unless.html]
[vlib.clausvb.de/docs/vlibTemplate_english/sec06_vlibtemplate.html]
[vlib.clausvb.de/docs/vlibTemplate_english/func_vlibtemplate.html]
[vlib.clausvb.de/docs/vlibTemplate_english/func_newtemplate.html]
[vlib.clausvb.de/docs/vlibTemplate_english/func_setvar.html]
[vlib.clausvb.de/docs/vlibTemplate_english/func_unsetvar.html]
[vlib.clausvb.de/docs/vlibTemplate_english/func_getvars.html]
[vlib.clausvb.de/docs/vlibTemplate_english/func_getvar.html]
[vlib.clausvb.de/docs/vlibTemplate_english/func_setcontextvars.html]
[vlib.clausvb.de/docs/vlibTemplate_english/func_setloop.html]
[vlib.clausvb.de/docs/vlibTemplate_english/func_setdbloop.html]
[vlib.clausvb.de/docs/vlibTemplate_english/func_newloop.html]
[vlib.clausvb.de/docs/vlibTemplate_english/func_addrow.html]
[vlib.clausvb.de/docs/vlibTemplate_english/func_addloop.html]
[vlib.clausvb.de/docs/vlibTemplate_english/func_getloop.html]
[vlib.clausvb.de/docs/vlibTemplate_english/func_unsetloop.html]
[vlib.clausvb.de/docs/vlibTemplate_english/func_reset.html]
[vlib.clausvb.de/docs/vlibTemplate_english/func_clearvars.html]
[vlib.clausvb.de/docs/vlibTemplate_english/func_clearloops.html]
[vlib.clausvb.de/docs/vlibTemplate_english/func_clearall.html]
[vlib.clausvb.de/docs/vlibTemplate_english/func_unknownsexist.html]
[vlib.clausvb.de/docs/vlibTemplate_english/func_unknowns.html]
[vlib.clausvb.de/docs/vlibTemplate_english/func_getunknowns.html]
[vlib.clausvb.de/docs/vlibTemplate_english/func_setunknowns.html]
[vlib.clausvb.de/docs/vlibTemplate_english/func_setpath.html]
[vlib.clausvb.de/docs/vlibTemplate_english/func_getparsetime.html]
[vlib.clausvb.de/docs/vlibTemplate_english/func_fastprint.html]
[vlib.clausvb.de/docs/vlibTemplate_english/func_pparse.html]
[vlib.clausvb.de/docs/vlibTemplate_english/func_pprint.html]
[vlib.clausvb.de/docs/vlibTemplate_english/func_grab.html]
[vlib.clausvb.de/docs/vlibTemplate_english/sec07_vlibtemplatedebug.html]
[vlib.clausvb.de/docs/vlibTemplate_english/sec08_vlibtemplatecache.html]
[vlib.clausvb.de/docs/vlibTemplate_english/func_clearcache.html]
[vlib.clausvb.de/docs/vlibTemplate_english/func_recache.html]
[vlib.clausvb.de/docs/vlibTemplate_english/func_setcachelifetime.html]
[vlib.clausvb.de/docs/vlibTemplate_english/func_setcacheextension.html]
[vlib.clausvb.de/docs/vlibTemplate_english/sec09_options.html]
[vlib.clausvb.de/docs/vlibTemplate_english/sec10_security.html]
[vlib.clausvb.de/docs/vlibTemplate_english/sec11_bugs.html]
[vlib.clausvb.de/docs/vlibTemplate_english/sec12_credits.html]
[vlib.clausvb.de/docs/vlibTemplate_english/sec13_download.html]
[vlib.clausvb.de/docs/vlibTemplate_english/sec14_license.html]
[vlib.clausvb.de/docs/vlibTemplate_english/sec15_docs_in_other_langs.html]
